Flutter crash report.
Please report a bug at https://github.com/flutter/flutter/issues.

## command

flutter build apk

## exception

ProcessException: ProcessException: Process exited abnormally with exit code 1:

Welcome to Gradle 8.14!

Here are the highlights of this release:
 - Java 24 support
 - GraalVM Native Image toolchain selection
 - Enhancements to test reporting
 - Build Authoring improvements

For more details see https://docs.gradle.org/8.14/release-notes.html


[Incubating] Problems report is available at: file:///C:/Users/adars/Downloads/cunnect_food_flutter/build/reports/problems/problems-report.html


FAILURE: Build failed with an exception.

* What went wrong:
Cannot locate tasks that match 'app:tasks' as project 'app' not found in root project 'android'.

* Try:
> Run gradlew projects to get a list of available projects.
> For more on name expansion, please refer to https://docs.gradle.org/8.14/userguide/command_line_interface.html#sec:name_abbreviation in the Gradle documentation.
> Run with --stacktrace option to get the stack trace.
> Run with --info or --debug option to get more log output.
> Run with --scan to get full insights.
> Get more help at https://help.gradle.org.

BUILD FAILED in 1s
  Command: C:\Users\adars\Downloads\cunnect_food_flutter\android\gradlew.bat app:tasks --all --console=auto

```
#0      RunResult.throwException (package:flutter_tools/src/base/process.dart:153:5)
#1      _DefaultProcessUtils.run (package:flutter_tools/src/base/process.dart:379:19)
<asynchronous suspension>
#2      flavorUndefinedHandler.<anonymous closure> (package:flutter_tools/src/android/gradle_errors.dart:233:38)
<asynchronous suspension>
#3      AndroidGradleBuilder._runGradleTask (package:flutter_tools/src/android/gradle.dart:377:40)
<asynchronous suspension>
#4      AndroidGradleBuilder.buildGradleApp (package:flutter_tools/src/android/gradle.dart:629:26)
<asynchronous suspension>
#5      AndroidGradleBuilder.buildApk (package:flutter_tools/src/android/gradle.dart:246:5)
<asynchronous suspension>
#6      BuildApkCommand.runCommand (package:flutter_tools/src/commands/build_apk.dart:132:5)
<asynchronous suspension>
#7      FlutterCommand.run.<anonymous closure> (package:flutter_tools/src/runner/flutter_command.dart:1663:27)
<asynchronous suspension>
#8      AppContext.run.<anonymous closure> (package:flutter_tools/src/base/context.dart:154:19)
<asynchronous suspension>
#9      CommandRunner.runCommand (package:args/command_runner.dart:212:13)
<asynchronous suspension>
#10     FlutterCommandRunner.runCommand.<anonymous closure> (package:flutter_tools/src/runner/flutter_command_runner.dart:496:9)
<asynchronous suspension>
#11     AppContext.run.<anonymous closure> (package:flutter_tools/src/base/context.dart:154:19)
<asynchronous suspension>
#12     FlutterCommandRunner.runCommand (package:flutter_tools/src/runner/flutter_command_runner.dart:431:5)
<asynchronous suspension>
#13     FlutterCommandRunner.run.<anonymous closure> (package:flutter_tools/src/runner/flutter_command_runner.dart:307:33)
<asynchronous suspension>
#14     run.<anonymous closure>.<anonymous closure> (package:flutter_tools/runner.dart:104:11)
<asynchronous suspension>
#15     AppContext.run.<anonymous closure> (package:flutter_tools/src/base/context.dart:154:19)
<asynchronous suspension>
#16     main (package:flutter_tools/executable.dart:103:3)
<asynchronous suspension>
```

## flutter doctor

```
[32m[✓][39m Flutter (Channel stable, 3.47.0, on Microsoft Windows [Version 10.0.26200.9168], locale en-US) [872ms]
    [32m•[39m Flutter version 3.47.0 on channel stable at
      C:\Users\adars\Downloads\flutter_windows_3.47.0-stable\flutter
    [32m•[39m Upstream repository https://github.com/flutter/flutter.git
    [32m•[39m Framework revision 4cf2416426 (12 days ago), 2026-08-11 11:53:49 -0700
    [32m•[39m Engine revision 5f77625673
    [32m•[39m Dart version 3.13.0
    [32m•[39m DevTools version 2.60.0
    [32m•[39m Feature flags: enable-web, enable-linux-desktop, enable-macos-desktop, enable-windows-desktop,
      enable-android, enable-ios, cli-animations, enable-native-assets, enable-record-use,
      enable-swift-package-manager, omit-legacy-version-file, enable-lldb-debugging,
      enable-uiscene-migration

[32m[✓][39m Windows Version (11 Home Single Language 64-bit, 25H2, 2009) [3.5s]

[33m[!][39m Android toolchain - develop for Android devices (Android SDK version 36.0.0) [3.9s]
    [32m•[39m Android SDK at C:\Users\adars\AppData\Local\Android\Sdk
    [32m•[39m Emulator version 37.1.11.0 (build_id 15917651) (CL:N/A)
    [32m•[39m Platform android-37.0, build-tools 36.0.0
    [32m•[39m Java binary at: C:\Program Files\Eclipse Adoptium\jdk-21.0.8.9-hotspot\bin\java
      This JDK is specified in your Flutter configuration.
      To change the current JDK, run: `flutter config --jdk-dir="path/to/jdk"`.
    [32m•[39m Java version OpenJDK Runtime Environment Temurin-21.0.8+9 (build 21.0.8+9-LTS)
    [31m✗[39m Android license status unknown.
      Run `flutter doctor --android-licenses` to accept the SDK licenses.
      See https://flutter.dev/to/windows-android-setup for more details.

[32m[✓][39m Chrome - develop for the web [583ms]
    [32m•[39m Chrome at C:\Program Files\Google\Chrome\Application\chrome.exe

[33m[!][39m Visual Studio - develop Windows apps (Visual Studio Community 2022 17.14.14) [582ms]
    [32m•[39m Visual Studio at C:\Program Files\Microsoft Visual Studio\2022\Community
    [32m•[39m Visual Studio Community 2022 version 17.14.36429.23
    [31m✗[39m Visual Studio is missing necessary components. Please re-run the Visual Studio installer for the
      "Desktop development with C++" workload, and include these components:
        MSVC v142 - VS 2019 C++ x64/x86 build tools
         - If there are multiple build tool versions available, install the latest
        C++ CMake tools for Windows
        Windows 10 SDK

[32m[✓][39m Connected device (4 available) [1,043ms]
    [32m•[39m motorola edge 60 fusion (mobile) • ZA223BDMZP • android-arm64  • Android 16 (API 36)
    [32m•[39m Windows (desktop)                • windows    • windows-x64    • Microsoft Windows [Version
      10.0.26200.9168]
    [32m•[39m Chrome (web)                     • chrome     • web-javascript • Google Chrome 151.0.7922.172
    [32m•[39m Edge (web)                       • edge       • web-javascript • Microsoft Edge 151.0.4129.101

[32m[✓][39m Network resources [1,923ms]
    [32m•[39m All expected network resources are available.

[33m![39m Doctor found issues in 2 categories.
```
